1
pip install -r ./requirements.txt
python3 app.py

katherina@katherina-HP-Notebook:~/PycharmProjects/CURSOR_Martian-Manhunter_HW-/hw_8$ docker build -t test_flask .

katherina@katherina-HP-Notebook:~/PycharmProjects/CURSOR_Martian-Manhunter_HW-/hw_8$ docker images
REPOSITORY    TAG       IMAGE ID       CREATED         SIZE
test_flask    latest    fc3f7f37983c   2 minutes ago   422MB
ubuntu        20.04     7e0aa2d69a15   4 weeks ago     72.7MB
hello-world   latest    d1165f221234   2 months ago    13.3kB

katherina@katherina-HP-Notebook:~/PycharmProjects/CURSOR_Martian-Manhunter_HW-/hw_8$ docker run -d test_flask
7c8e47ab6a3be96b7780980c72f449684bc54264cb741c7f9d73497fa04e2d5b

katherina@katherina-HP-Notebook:~/PycharmProjects/CURSOR_Martian-Manhunter_HW-/hw_8$ docker ps
CONTAINER ID   IMAGE        COMMAND                  CREATED          STATUS          PORTS     NAMES
7c8e47ab6a3b   test_flask   "/bin/sh -c 'FLASK_Aâ€¦"   17 seconds ago   Up 16 seconds             magical_ardinghelli

katherina@katherina-HP-Notebook:~/PycharmProjects/CURSOR_Martian-Manhunter_HW-/hw_8$ docker attach 7
katherina@katherina-HP-Notebook:~/PycharmProjects/CURSOR_Martian-Manhunter_HW-/hw_8$ docker stop 7
7
katherina@katherina-HP-Notebook:~/PycharmProjects/CURSOR_Martian-Manhunter_HW-/hw_8$ docker inspect 7
katherina@katherina-HP-Notebook:~/PycharmProjects/CURSOR_Martian-Manhunter_HW-/hw_8$ docker logs 7
 * Serving Flask app '/opt/app.py' (lazy loading)
 * Environment: production
   WARNING: This is a development server. Do not use it in a production deployment.
   Use a production WSGI server instead.
 * Debug mode: off
 * Running on all addresses.
   WARNING: This is a development server. Do not use it in a production deployment.
 * Running on http://172.17.0.2:8080/ (Press CTRL+C to quit)

katherina@katherina-HP-Notebook:~/PycharmProjects/CURSOR_Martian-Manhunter_HW-/hw_8$ docker stop 7
7

katherina@katherina-HP-Notebook:~/PycharmProjects/CURSOR_Martian-Manhunter_HW-/hw_8$ docker build -t test_flask .

katherina@katherina-HP-Notebook:~/PycharmProjects/CURSOR_Martian-Manhunter_HW-/hw_8$ docker inspect 96

katherina@katherina-HP-Notebook:~/PycharmProjects/CURSOR_Martian-Manhunter_HW-/hw_8$ docker logs 96
 * Serving Flask app '/opt/app.py' (lazy loading)
 * Environment: production
   WARNING: This is a development server. Do not use it in a production deployment.
   Use a production WSGI server instead.
 * Debug mode: off
 * Running on all addresses.
   WARNING: This is a development server. Do not use it in a production deployment.
 * Running on http://172.17.0.3:8080/ (Press CTRL+C to quit)

katherina@katherina-HP-Notebook:~/PycharmProjects/CURSOR_Martian-Manhunter_HW-/hw_8$ docker stop 96
96


*2
katherina@katherina-HP-Notebook:~/PycharmProjects/CURSOR_Martian-Manhunter_HW-/hw_8$ docker run -it --name my_story ubuntu
root@d722e1b0e586:/# echo "Your story" > story.txt
root@d722e1b0e586:/# apt-get update && apt-get install cowsay
root@d722e1b0e586:/# cat story.txt|/usr/games/cowsay
 ____________
< Your story >
 ------------
        \   ^__^
         \  (oo)\_______
            (__)\       )\/\
                ||----w |
                ||     ||
katherina@katherina-HP-Notebook:~/PycharmProjects/CURSOR_Martian-Manhunter_HW-/hw_8$ docker run -it --name my_story_2 ubuntu
root@b14015526c67:/# ls
bin  boot  dev  etc  home  lib  lib32  lib64  libx32  media  mnt  opt  proc  root  run  sbin  srv  sys  tmp  usr  var
root@b14015526c67:/# cat story.txt
cat: story.txt: No such file or directory
root@b14015526c67:/# cd usr/games/cowsay
bash: cd: usr/games/cowsay: No such file or directory

